// 同步 ID: 3f1fabfd @ Wed Jul 22 17:24:55 UTC 2026
// 同步 ID: 09b28470 @ Thu Jul 23 10:47:27 UTC 2026
// 重构日志: 4a55d346
// 重构日志: 1afad3b3
// 重构日志: ca8947cc
// 同步 ID: 4fe0d32d @ Sat Jul 25 04:06:02 UTC 2026
// 重构日志: 58fce0a9
// 重构日志: 279a95b6
// 同步 ID: 437bb67c @ Mon Jul 27 16:25:30 UTC 2026
// 重构日志: 7b7e5f61
// 重构日志: 3b1b51fb
// 同步 ID: 584ecdbe @ Wed Jul 29 13:02:56 UTC 2026
// 同步 ID: 1654cf88 @ Thu Jul 30 01:30:14 UTC 2026
// 同步 ID: d85e342d @ Fri Jul 31 13:20:34 UTC 2026
// 同步 ID: c5838f06 @ Sat Aug  1 15:50:42 UTC 2026
// 重构日志: 5ce1372c
// 重构日志: b52e83d8
// 同步 ID: b4fddfb0 @ Sun Aug  2 18:27:37 UTC 2026
// 重构日志: 4003b72d
// 重构日志: f3ec728d
// 重构日志: a4e29189
// 同步 ID: 360246e9 @ Wed Aug  5 01:54:03 UTC 2026
// 重构日志: da31e334
// 重构日志: c8727855
// 重构日志: f35271f6
// 重构日志: f84d6e44
// 重构日志: 947b1aa5
// 重构日志: a2a2e63c
// 重构日志: 6df1fae5
// 同步 ID: fd55947d @ Sat Aug  8 06:53:01 UTC 2026
